
#!/bin/bash
@echo off

----- exit value -----
echo $?    or  echo "$?"
exit 0
exit 23

echo %ERRORLEVEL%  or echo "%ERRORLEVEL%"
exit /B 0
exit /B 23

----- variables ------

$ MYVAR=KAMAL
$ MYVAR = KAMAL # bash: MYVAR: command not found
$ $MYVAR        # bash: KAMAL: command not found

>set var=Rahul
>echo %var%
>%var% Rahul not recognized as command

>set mycommand=dir
>%mycommand%

---- display the variables ---

filename='test.txt'
echo "The file name is : ${filename}"

set filename=test.txt
echo The file name is %filename%

----- line comments ---
#  anything

REM anything  (REM means remark)
:: anything (:: same as REM)

----- Environment variables ---
env
printenv
echo $HOMEPATH
export mytoken='jsihisjs'

set        (then enter)
echo %ProgramFiles%
cd %SystemRoot%
ComSpec=C:\WINDOWS\system32\cmd.exe
%ComSpec%  (this runs above cmd.exe file)

--- echo ------------
$ MYSHELL=Bash
$ echo "${MYSHELL}ing"

echo %USERNAME%-kamal-%windir%
echo %USERNAME% & echo %windir%  # executing 2 commands in oneline

---- second command to execute only if the first exited successfully ----
$ pwd && echo 'kamal'

dir && echo foo

------- grep  and findstr ---------
how to extract/filter the said information from the console command output.
cat file.txt | grep -i 'world'

netstat -f | findstr amazonaws
dir | C:\Windows\System32\findstr.exe /r /c:"Music"
dir | findstr /r /c:"Music"
echo kamalakar macharla | findstr /r /c:"malaka"
-----  input -----
read -p "Enter y or n :" ANSWER

@echo off
set /P Number1=Enter Number

----- help ---
help exit
exit --help
help test

> help exit

---- functions ---
mkcd(){
  mkdir $1 ; cd $1
}

mkcd my-new-folder


@echo off

goto : userinput

:main
	echo Your number is %~1 and %~2
goto :eof

:userinput
	set /P Number1=Enter first Number
	set /P Number2=Enter second Number

call :main %Number1% %Number2%


------ Run .bat file from git bash ----
$ which cmd
/c/WINDOWS/system32/cmd

chmod +x your.bat
cmd /c your.bat params

----- Run a PowerShell script from the CMD shell --------
C:\> powershell -file "c:\batch\demo.ps1"


---- how to open git bash from CMD of windows ---
C:\Users\KAMALAKAR>set mypro="C:\Program Files\Git\git-bash.exe"
C:\Users\KAMALAKAR>%mypro%